≡ƒÜÇ Starting Comprehensive E2E Testing Suite...

≡ƒôì Backend URL: http://localhost:3003
ΓÅ▒∩╕Å  Timeout: 10000ms


≡ƒöì Testing Health Endpoints...
Γ¥î Backend Health Check: fetch failed (50ms)
Γ¥î Database Connection: fetch failed (2ms)

≡ƒöÉ Testing Authentication...
Γ¥î Login with valid credentials: fetch failed (3ms)
Γ£à Login with invalid credentials: (3ms)

≡ƒôè Testing Dashboard...
Γ¥î Get dashboard stats: fetch failed (3ms)
Γ¥î Get upcoming tasks: fetch failed (2ms)
Γ¥î Get recent activity: fetch failed (2ms)

≡ƒæÑ Testing User Management...
Γ¥î Get all users: fetch failed (2ms)
Γ¥î Get current user profile: No user ID available (0ms)
Γ¥î Create new user: fetch failed (2ms)
Γ¥î Update user: No user ID available (0ms)

≡ƒôó Testing Campaigns...
Γ¥î Get all campaigns: fetch failed (2ms)
Γ¥î Create campaign: fetch failed (2ms)

≡ƒôï Testing Projects...
Γ¥î Get all projects: fetch failed (2ms)
Γ¥î Create project: fetch failed (2ms)

≡ƒû╝∩╕Å  Testing Assets...
Γ¥î Get all assets: fetch failed (2ms)
Γ¥î Create asset: fetch failed (1ms)

≡ƒöæ Testing Keywords...
Γ¥î Get all keywords: fetch failed (1ms)
Γ¥î Create keyword: fetch failed (2ms)

≡ƒÆ╛ Testing Database Persistence...
Γ¥î Create test data and verify storage: fetch failed (1ms)

ΓÜá∩╕Å  Testing Error Handling...
Γ¥î 404 - Non-existent resource: fetch failed (1ms)
Γ¥î Invalid request method: fetch failed (2ms)

ΓÜí Testing Performance...
Γ¥î Health check response time < 1000ms: fetch failed (1ms)
Γ¥î Get campaigns response time < 3000ms: fetch failed (2ms)
Γ¥î Create resource response time < 2000ms: fetch failed (4ms)

================================================================================
≡ƒôè TEST SUMMARY
================================================================================

Γ£à PASSED:  1/25
Γ¥î FAILED:  24/25
ΓÅ¡∩╕Å  SKIPPED: 0/25

Γ¥î Failed Tests:
  - Backend Health Check: fetch failed (50ms)
  - Database Connection: fetch failed (2ms)
  - Login with valid credentials: fetch failed (3ms)
  - Get dashboard stats: fetch failed (3ms)
  - Get upcoming tasks: fetch failed (2ms)
  - Get recent activity: fetch failed (2ms)
  - Get all users: fetch failed (2ms)
  - Get current user profile: No user ID available (0ms)
  - Create new user: fetch failed (2ms)
  - Update user: No user ID available (0ms)
  - Get all campaigns: fetch failed (2ms)
  - Create campaign: fetch failed (2ms)
  - Get all projects: fetch failed (2ms)
  - Create project: fetch failed (2ms)
  - Get all assets: fetch failed (2ms)
  - Create asset: fetch failed (1ms)
  - Get all keywords: fetch failed (1ms)
  - Create keyword: fetch failed (2ms)
  - Create test data and verify storage: fetch failed (1ms)
  - 404 - Non-existent resource: fetch failed (1ms)
  - Invalid request method: fetch failed (2ms)
  - Health check response time < 1000ms: fetch failed (1ms)
  - Get campaigns response time < 3000ms: fetch failed (2ms)
  - Create resource response time < 2000ms: fetch failed (4ms)

ΓÅ▒∩╕Å  Total Duration: 94ms
Γ£¿ Success Rate: 4.00%

================================================================================

ΓÜá∩╕Å  ISSUES FOUND - Please review failed tests above
