
> marketing-control-center-api@1.0.0 test
> jest --runInBand static-service-linking.test.ts

  console.log
    ≡ƒöÉ Auth Configuration Loaded:

      at Object.<anonymous> (controllers/authController.ts:33:9)

  console.log
       ADMIN_EMAIL: admin@example.com

      at Object.<anonymous> (controllers/authController.ts:34:9)

  console.log
       ADMIN_PASSWORD: Γ£à SET

      at Object.<anonymous> (controllers/authController.ts:35:9)

  console.log
       JWT_SECRET: Γ£à SET

      at Object.<anonymous> (controllers/authController.ts:36:9)

  console.log
       JWT_EXPIRES_IN: 7d

      at Object.<anonymous> (controllers/authController.ts:37:9)

  console.log
    Γ£à Security configuration validated

      at validateSecurityConfig (config/security.ts:146:13)

  console.log
    Mock Query: SELECT NOW() undefined

      at Object.query (config/mockDb.ts:27:17)

  console.log
    Γ£à Connected to database (Postgres)

      at connectDB (server.ts:73:21)

  console.log
    ≡ƒöä Initializing database schema...

      at connectDB (server.ts:83:25)

  console.log
    ≡ƒöä Initializing database schema...

      at initializeDatabase (database/init.ts:11:17)

  console.log
    Mock Query: CREATE INDEX IF NOT EXISTS idx_qc_audit_asset_id ON qc_audit_log(asset_id) undefined

      at Object.query (config/mockDb.ts:27:17)

  console.log
    Mock Query: CREATE INDEX IF NOT EXISTS idx_qc_audit_user_id ON qc_audit_log(user_id) undefined

      at Object.query (config/mockDb.ts:27:17)

  console.log
    Mock Query: CREATE INDEX IF NOT EXISTS idx_projects_brand_id ON projects(brand_id) undefined

      at Object.query (config/mockDb.ts:27:17)

  console.log
    Mock Query: CREATE INDEX IF NOT EXISTS idx_projects_status ON projects(status) undefined

      at Object.query (config/mockDb.ts:27:17)

  console.log
    Mock Query: CREATE INDEX IF NOT EXISTS idx_campaigns_owner_id ON campaigns(campaign_owner_id) undefined

      at Object.query (config/mockDb.ts:27:17)

  console.log
    Mock Query: CREATE INDEX IF NOT EXISTS idx_campaigns_project_id ON campaigns(project_id) undefined

      at Object.query (config/mockDb.ts:27:17)

  console.log
    Mock Query: CREATE INDEX IF NOT EXISTS idx_campaigns_status ON campaigns(status) undefined

      at Object.query (config/mockDb.ts:27:17)

  console.log
    Mock Query: CREATE INDEX IF NOT EXISTS idx_tasks_assigned_to ON tasks(assigned_to) undefined

      at Object.query (config/mockDb.ts:27:17)

  console.log
    Mock Query: CREATE INDEX IF NOT EXISTS idx_tasks_project_id ON tasks(project_id) undefined

      at Object.query (config/mockDb.ts:27:17)

  console.log
    Mock Query: CREATE INDEX IF NOT EXISTS idx_tasks_campaign_id ON tasks(campaign_id) undefined

      at Object.query (config/mockDb.ts:27:17)

  console.log
    Mock Query: CREATE INDEX IF NOT EXISTS idx_tasks_status ON tasks(status) undefined

      at Object.query (config/mockDb.ts:27:17)

  console.log
    Mock Query: CREATE INDEX IF NOT EXISTS idx_tasks_due_date ON tasks(due_date) undefined

      at Object.query (config/mockDb.ts:27:17)

  console.log
    Γ£à Database schema initialized successfully

      at initializeDatabase (database/init.ts:36:17)

  console.log
    ≡ƒî▒ Seeding database with initial data...

      at seedDatabase (database/init.ts:49:17)

  console.log
    Mock Query: SELECT COUNT(*) as count FROM workflow_stages undefined

      at Object.query (config/mockDb.ts:27:17)

  console.log
    Mock Query: 
                INSERT INTO workflow_stages (stage_name, stage_order, description, color, status) VALUES 
                ('Draft', 1, 'Initial draft stage', '#6B7280', 'active'),
                ('In Review', 2, 'Under review', '#F59E0B', 'active'),
                ('Approved', 3, 'Approved and ready', '#10B981', 'active'),
                ('Published', 4, 'Published and live', '#3B82F6', 'active'),
                ('Archived', 5, 'Archived content', '#9CA3AF', 'active')
             undefined

      at Object.query (config/mockDb.ts:27:17)

  console.log
      Γ£à Workflow stages seeded

      at seedDatabase (database/init.ts:67:17)

  console.log
    Mock Query: 
                INSERT INTO asset_format_master (format_name, file_extension, mime_type, description, status) VALUES 
                ('PDF', '.pdf', 'application/pdf', 'PDF Document', 'active'),
                ('DOCX', '.docx', 'application/vnd.openxmlformats-officedocument.wordprocessingml.document', 'Word Document', 'active'),
                ('JPEG', '.jpg', 'image/jpeg', 'JPEG Image', 'active'),
                ('PNG', '.png', 'image/png', 'PNG Image', 'active'),
                ('MP4', '.mp4', 'video/mp4', 'MP4 Video', 'active'),
                ('CSV', '.csv', 'text/csv', 'CSV File', 'active'),
                ('XLSX', '.xlsx', 'application/vnd.openxmlformats-officedocument.spreadsheetml.sheet', 'Excel Spreadsheet', 'active')
             undefined

      at Object.query (config/mockDb.ts:27:17)

  console.log
      Γ£à Asset formats seeded

      at seedDatabase (database/init.ts:80:17)

  console.log
    Mock Query: 
                INSERT INTO seo_error_types (error_type, category, severity, description, status) VALUES 
                ('Missing Meta Description', 'Metadata', 'High', 'Page is missing meta description tag', 'active'),
                ('Duplicate Meta Title', 'Metadata', 'High', 'Multiple pages have the same meta title', 'active'),
                ('Missing H1 Tag', 'Content', 'High', 'Page is missing H1 heading tag', 'active'),
                ('Broken Internal Link', 'Links', 'Medium', 'Internal link points to non-existent page', 'active'),
                ('Missing Alt Text', 'Images', 'Medium', 'Image is missing alt text attribute', 'active'),
                ('Slow Page Load', 'Performance', 'Medium', 'Page takes too long to load', 'active'),
                ('Mobile Not Responsive', 'Mobile', 'High', 'Page is not mobile responsive', 'active'),
                ('Missing Schema Markup', 'Schema', 'Low', 'Page is missing structured data markup', 'active')
             undefined

      at Object.query (config/mockDb.ts:27:17)

  console.log
      Γ£à SEO error types seeded

      at seedDatabase (database/init.ts:94:17)

  console.log
    Mock Query: 
                INSERT INTO services (service_name, service_code, slug, status, meta_keywords) VALUES
                ('Seed Service', 'SEED-001', 'seed-service', 'active', '
    ["seed","service"]
    ')
             undefined

      at Object.query (config/mockDb.ts:27:17)

  console.log
    Mock Query: 
                INSERT INTO sub_services (sub_service_name, parent_service_id, slug, status, meta_keywords) VALUES
                ('Seed Sub-Service', 1, 'seed-sub-service', 'active', '
    ["seed","sub"]
    ')
             undefined

      at Object.query (config/mockDb.ts:27:17)

  console.log
      Γ£à Seed service and sub-service with meta_keywords

      at seedDatabase (database/init.ts:105:17)

  console.log
    Γ£à Database seeding completed successfully

      at seedDatabase (database/init.ts:107:17)

  console.log
    Γ£à Database schema initialized

      at connectDB (server.ts:86:25)

  console.log
    Mock Query: INSERT INTO users (name, email, role) VALUES (?, ?, ?) RETURNING id [ 'Test User', 'test@example.com', 'admin' ]

      at Object.query (config/mockDb.ts:27:17)

  console.log
    Mock Query: INSERT INTO services (service_name, service_code, status, created_by) VALUES (?, ?, ?, ?) RETURNING id [ 'Test Service', 'TS-001', 'Draft', 1 ]

      at Object.query (config/mockDb.ts:27:17)

  console.log
    Mock Query: INSERT INTO sub_services (sub_service_name, parent_service_id, status, created_by) VALUES (?, ?, ?, ?) RETURNING id [ 'Test Sub-Service', 2, 'Draft', 1 ]

      at Object.query (config/mockDb.ts:27:17)

  console.log
    Mock Query: INSERT INTO assets(
            asset_name, asset_type, asset_category, asset_format, content_type, tags, status,
            file_url, og_image_url, thumbnail_url, file_size, file_type,
            linked_service_ids, linked_sub_service_ids, linked_task_id, linked_campaign_id,
            linked_project_id, linked_service_id, linked_sub_service_id, linked_repository_item_id,
            designed_by, published_by, verified_by, version_number, created_at, created_by,
            application_type, keywords, content_keywords, seo_keywords,
            web_title, web_description, web_meta_description, web_keywords, web_url, web_h1, web_h2_1, web_h2_2, web_h3_tags,
            web_thumbnail, web_body_content, smm_platform, smm_title, smm_tag, smm_url, smm_description,
            smm_hashtags, smm_media_url, smm_media_type, seo_score, grammar_score, ai_plagiarism_score,
            submitted_by, submitted_at, workflow_stage, qc_status, resource_files,
            workflow_log, version_history, linking_active
        ) VALUES(?, ?, ?, ?, ?, ?, ?, ?, ?, ?, ?, ?, ?, ?, ?, ?, ?, ?, ?, ?, ?, ?, ?, ?, ?, ?, ?, ?, ?, ?, ?, ?, ?, ?, ?, ?, ?, ?, ?, ?, ?, ?, ?, ?, ?, ?, ?, ?, ?, ?, ?, ?, ?, ?, ?, ?, ?, ?, ?, ?)  [
      'Test Asset',
      'Image',
      undefined,
      undefined,
      null,
      undefined,
      'Draft',
      null,
      null,
      null,
      null,
      null,
      null,
      '{"0":2}',
      null,
      null,
      null,
      2,
      null,
      null,
      null,
      null,
      null,
      'v1.0',
      '2026-02-05T18:36:16.903Z',
      1,
      'web',
      null,
      null,
      null,
      null,
      null,
      null,
      null,
      null,
      null,
      null,
      null,
      null,
      null,
      null,
      null,
      null,
      null,
      null,
      null,
      null,
      null,
      null,
      null,
      null,
      null,
      null,
      null,
      'Add',
      null,
      null,
      '[{"action":"created","timestamp":"2026-02-05T18:36:16.903Z","user_id":1,"status":"Draft","workflow_stage":"Add"}]',
      '[{"version":"v1.0","date":"2026-02-05T18:36:16.903Z","action":"Created","user_id":1}]',
      0
    ]

      at Object.query (config/mockDb.ts:27:17)

  console.log
    Mock Query: INSERT OR IGNORE INTO service_asset_links 
                             (asset_id, service_id, is_static, created_by) 
                             VALUES (?, ?, 1, ?) [ 1, 2, 1 ]

      at Object.query (config/mockDb.ts:27:17)

  console.log
    Mock Query: UPDATE assets SET static_service_links = ? WHERE id = ? [ '[{"service_id":2,"type":"service"}]', 1 ]

      at Object.query (config/mockDb.ts:27:17)

[0mPOST /api/v1/assetLibrary [32m201[0m 28.247 ms - 1708[0m
  console.log
    Mock Query: DELETE FROM service_asset_links WHERE asset_id = ? [ 1 ]

      at Object.query (config/mockDb.ts:27:17)

  console.log
    Mock Query: DELETE FROM subservice_asset_links WHERE asset_id = ? [ 1 ]

      at Object.query (config/mockDb.ts:27:17)

  console.log
    Mock Query: DELETE FROM assets WHERE id = ? [ 1 ]

      at Object.query (config/mockDb.ts:27:17)

  console.log
    Mock Query: DELETE FROM sub_services WHERE id = ? [ 2 ]

      at Object.query (config/mockDb.ts:27:17)

  console.log
    Mock Query: DELETE FROM services WHERE id = ? [ 2 ]

      at Object.query (config/mockDb.ts:27:17)

  console.log
    Mock Query: DELETE FROM users WHERE id = ? [ 1 ]

      at Object.query (config/mockDb.ts:27:17)

  console.log
    Mock Query: INSERT INTO users (name, email, role) VALUES (?, ?, ?) RETURNING id [ 'Test User', 'test@example.com', 'admin' ]

      at Object.query (config/mockDb.ts:27:17)

  console.log
    Mock Query: INSERT INTO services (service_name, service_code, status, created_by) VALUES (?, ?, ?, ?) RETURNING id [ 'Test Service', 'TS-001', 'Draft', 1 ]

      at Object.query (config/mockDb.ts:27:17)

  console.log
    Mock Query: INSERT INTO sub_services (sub_service_name, parent_service_id, status, created_by) VALUES (?, ?, ?, ?) RETURNING id [ 'Test Sub-Service', 2, 'Draft', 1 ]

      at Object.query (config/mockDb.ts:27:17)

  console.log
    Mock Query: INSERT INTO assets(
            asset_name, asset_type, asset_category, asset_format, content_type, tags, status,
            file_url, og_image_url, thumbnail_url, file_size, file_type,
            linked_service_ids, linked_sub_service_ids, linked_task_id, linked_campaign_id,
            linked_project_id, linked_service_id, linked_sub_service_id, linked_repository_item_id,
            designed_by, published_by, verified_by, version_number, created_at, created_by,
            application_type, keywords, content_keywords, seo_keywords,
            web_title, web_description, web_meta_description, web_keywords, web_url, web_h1, web_h2_1, web_h2_2, web_h3_tags,
            web_thumbnail, web_body_content, smm_platform, smm_title, smm_tag, smm_url, smm_description,
            smm_hashtags, smm_media_url, smm_media_type, seo_score, grammar_score, ai_plagiarism_score,
            submitted_by, submitted_at, workflow_stage, qc_status, resource_files,
            workflow_log, version_history, linking_active
        ) VALUES(?, ?, ?, ?, ?, ?, ?, ?, ?, ?, ?, ?, ?, ?, ?, ?, ?, ?, ?, ?, ?, ?, ?, ?, ?, ?, ?, ?, ?, ?, ?, ?, ?, ?, ?, ?, ?, ?, ?, ?, ?, ?, ?, ?, ?, ?, ?, ?, ?, ?, ?, ?, ?, ?, ?, ?, ?, ?, ?, ?)  [
      'Test Asset No Service',
      'Image',
      undefined,
      undefined,
      null,
      undefined,
      'Draft',
      null,
      null,
      null,
      null,
      null,
      null,
      null,
      null,
      null,
      null,
      null,
      null,
      null,
      null,
      null,
      null,
      'v1.0',
      '2026-02-05T18:36:16.935Z',
      1,
      'web',
      null,
      null,
      null,
      null,
      null,
      null,
      null,
      null,
      null,
      null,
      null,
      null,
      null,
      null,
      null,
      null,
      null,
      null,
      null,
      null,
      null,
      null,
      null,
      null,
      null,
      null,
      null,
      'Add',
      null,
      null,
      '[{"action":"created","timestamp":"2026-02-05T18:36:16.935Z","user_id":1,"status":"Draft","workflow_stage":"Add"}]',
      '[{"version":"v1.0","date":"2026-02-05T18:36:16.935Z","action":"Created","user_id":1}]',
      0
    ]

      at Object.query (config/mockDb.ts:27:17)

[0mPOST /api/v1/assetLibrary [32m201[0m 3.540 ms - 1699[0m
  console.log
    Mock Query: SELECT * FROM service_asset_links WHERE asset_id = ? [ 1 ]

      at Object.query (config/mockDb.ts:27:17)

  console.log
    Mock Query: DELETE FROM service_asset_links WHERE asset_id = ? [ 1 ]

      at Object.query (config/mockDb.ts:27:17)

  console.log
    Mock Query: DELETE FROM subservice_asset_links WHERE asset_id = ? [ 1 ]

      at Object.query (config/mockDb.ts:27:17)

  console.log
    Mock Query: DELETE FROM assets WHERE id = ? [ 1 ]

      at Object.query (config/mockDb.ts:27:17)

  console.log
    Mock Query: DELETE FROM sub_services WHERE id = ? [ 3 ]

      at Object.query (config/mockDb.ts:27:17)

  console.log
    Mock Query: DELETE FROM services WHERE id = ? [ 2 ]

      at Object.query (config/mockDb.ts:27:17)

  console.log
    Mock Query: DELETE FROM users WHERE id = ? [ 1 ]

      at Object.query (config/mockDb.ts:27:17)

  console.log
    Mock Query: INSERT INTO users (name, email, role) VALUES (?, ?, ?) RETURNING id [ 'Test User', 'test@example.com', 'admin' ]

      at Object.query (config/mockDb.ts:27:17)

  console.log
    Mock Query: INSERT INTO services (service_name, service_code, status, created_by) VALUES (?, ?, ?, ?) RETURNING id [ 'Test Service', 'TS-001', 'Draft', 1 ]

      at Object.query (config/mockDb.ts:27:17)

  console.log
    Mock Query: INSERT INTO sub_services (sub_service_name, parent_service_id, status, created_by) VALUES (?, ?, ?, ?) RETURNING id [ 'Test Sub-Service', 2, 'Draft', 1 ]

      at Object.query (config/mockDb.ts:27:17)

[0mPOST /api/v1/assetLibrary [33m401[0m 0.471 ms - 44[0m
  console.log
    Mock Query: SELECT * FROM assets WHERE id = ? [ undefined ]

      at Object.query (config/mockDb.ts:27:17)

[0mPOST /api/v1/assets/unlink-from-service [33m404[0m 2.950 ms - 27[0m
  console.log
    Mock Query: DELETE FROM service_asset_links WHERE asset_id = ? [ undefined ]

      at Object.query (config/mockDb.ts:27:17)

  console.log
    Mock Query: DELETE FROM subservice_asset_links WHERE asset_id = ? [ undefined ]

      at Object.query (config/mockDb.ts:27:17)

  console.log
    Mock Query: DELETE FROM assets WHERE id = ? [ undefined ]

      at Object.query (config/mockDb.ts:27:17)

  console.log
    Mock Query: DELETE FROM sub_services WHERE id = ? [ 4 ]

      at Object.query (config/mockDb.ts:27:17)

  console.log
    Mock Query: DELETE FROM services WHERE id = ? [ 2 ]

      at Object.query (config/mockDb.ts:27:17)

  console.log
    Mock Query: DELETE FROM users WHERE id = ? [ 1 ]

      at Object.query (config/mockDb.ts:27:17)

  console.log
    Mock Query: INSERT INTO users (name, email, role) VALUES (?, ?, ?) RETURNING id [ 'Test User', 'test@example.com', 'admin' ]

      at Object.query (config/mockDb.ts:27:17)

  console.log
    Mock Query: INSERT INTO services (service_name, service_code, status, created_by) VALUES (?, ?, ?, ?) RETURNING id [ 'Test Service', 'TS-001', 'Draft', 1 ]

      at Object.query (config/mockDb.ts:27:17)

  console.log
    Mock Query: INSERT INTO sub_services (sub_service_name, parent_service_id, status, created_by) VALUES (?, ?, ?, ?) RETURNING id [ 'Test Sub-Service', 2, 'Draft', 1 ]

      at Object.query (config/mockDb.ts:27:17)

[0mPOST /api/v1/assetLibrary [33m401[0m 0.456 ms - 44[0m
  console.log
    Mock Query: INSERT INTO service_asset_links (asset_id, service_id, is_static, created_by) VALUES (?, ?, 0, ?) [ undefined, 1002, 1 ]

      at Object.query (config/mockDb.ts:27:17)

  console.log
    Mock Query: SELECT * FROM assets WHERE id = ? [ undefined ]

      at Object.query (config/mockDb.ts:27:17)

[0mPOST /api/v1/assets/unlink-from-service [33m404[0m 3.849 ms - 27[0m
  console.log
    Mock Query: DELETE FROM service_asset_links WHERE asset_id = ? [ undefined ]

      at Object.query (config/mockDb.ts:27:17)

  console.log
    Mock Query: DELETE FROM subservice_asset_links WHERE asset_id = ? [ undefined ]

      at Object.query (config/mockDb.ts:27:17)

  console.log
    Mock Query: DELETE FROM assets WHERE id = ? [ undefined ]

      at Object.query (config/mockDb.ts:27:17)

  console.log
    Mock Query: DELETE FROM sub_services WHERE id = ? [ 5 ]

      at Object.query (config/mockDb.ts:27:17)

  console.log
    Mock Query: DELETE FROM services WHERE id = ? [ 2 ]

      at Object.query (config/mockDb.ts:27:17)

  console.log
    Mock Query: DELETE FROM users WHERE id = ? [ 1 ]

      at Object.query (config/mockDb.ts:27:17)

  console.log
    Mock Query: INSERT INTO users (name, email, role) VALUES (?, ?, ?) RETURNING id [ 'Test User', 'test@example.com', 'admin' ]

      at Object.query (config/mockDb.ts:27:17)

  console.log
    Mock Query: INSERT INTO services (service_name, service_code, status, created_by) VALUES (?, ?, ?, ?) RETURNING id [ 'Test Service', 'TS-001', 'Draft', 1 ]

      at Object.query (config/mockDb.ts:27:17)

  console.log
    Mock Query: INSERT INTO sub_services (sub_service_name, parent_service_id, status, created_by) VALUES (?, ?, ?, ?) RETURNING id [ 'Test Sub-Service', 2, 'Draft', 1 ]

      at Object.query (config/mockDb.ts:27:17)

  console.log
    Mock Query: INSERT INTO assets(
            asset_name, asset_type, asset_category, asset_format, content_type, tags, status,
            file_url, og_image_url, thumbnail_url, file_size, file_type,
            linked_service_ids, linked_sub_service_ids, linked_task_id, linked_campaign_id,
            linked_project_id, linked_service_id, linked_sub_service_id, linked_repository_item_id,
            designed_by, published_by, verified_by, version_number, created_at, created_by,
            application_type, keywords, content_keywords, seo_keywords,
            web_title, web_description, web_meta_description, web_keywords, web_url, web_h1, web_h2_1, web_h2_2, web_h3_tags,
            web_thumbnail, web_body_content, smm_platform, smm_title, smm_tag, smm_url, smm_description,
            smm_hashtags, smm_media_url, smm_media_type, seo_score, grammar_score, ai_plagiarism_score,
            submitted_by, submitted_at, workflow_stage, qc_status, resource_files,
            workflow_log, version_history, linking_active
        ) VALUES(?, ?, ?, ?, ?, ?, ?, ?, ?, ?, ?, ?, ?, ?, ?, ?, ?, ?, ?, ?, ?, ?, ?, ?, ?, ?, ?, ?, ?, ?, ?, ?, ?, ?, ?, ?, ?, ?, ?, ?, ?, ?, ?, ?, ?, ?, ?, ?, ?, ?, ?, ?, ?, ?, ?, ?, ?, ?, ?, ?)  [
      'Service Asset',
      'Image',
      undefined,
      undefined,
      null,
      undefined,
      'Draft',
      null,
      null,
      null,
      null,
      null,
      null,
      null,
      null,
      null,
      null,
      2,
      null,
      null,
      null,
      null,
      null,
      'v1.0',
      '2026-02-05T18:36:16.992Z',
      1,
      'web',
      null,
      null,
      null,
      null,
      null,
      null,
      null,
      null,
      null,
      null,
      null,
      null,
      null,
      null,
      null,
      null,
      null,
      null,
      null,
      null,
      null,
      null,
      null,
      null,
      null,
      null,
      null,
      'Add',
      null,
      null,
      '[{"action":"created","timestamp":"2026-02-05T18:36:16.992Z","user_id":1,"status":"Draft","workflow_stage":"Add"}]',
      '[{"version":"v1.0","date":"2026-02-05T18:36:16.992Z","action":"Created","user_id":1}]',
      0
    ]

      at Object.query (config/mockDb.ts:27:17)

  console.log
    Mock Query: INSERT OR IGNORE INTO service_asset_links 
                             (asset_id, service_id, is_static, created_by) 
                             VALUES (?, ?, 1, ?) [ 1, 2, 1 ]

      at Object.query (config/mockDb.ts:27:17)

  console.log
    Mock Query: UPDATE assets SET static_service_links = ? WHERE id = ? [ '[{"service_id":2,"type":"service"}]', 1 ]

      at Object.query (config/mockDb.ts:27:17)

[0mPOST /api/v1/assetLibrary [32m201[0m 6.007 ms - 1711[0m
  console.log
    Mock Query: 
                SELECT 
                    a.*,
                    sal.is_static as link_is_static,
                    sal.created_at as linked_at
                FROM assets a
                INNER JOIN service_asset_links sal ON a.id = sal.asset_id
                WHERE sal.service_id = ?
                ORDER BY sal.created_at DESC
             [ '2' ]

      at Object.query (config/mockDb.ts:27:17)

[0mGET /api/v1/services/2/assets [32m200[0m 5.437 ms - 2[0m
  console.log
    Mock Query: DELETE FROM service_asset_links WHERE asset_id = ? [ 1 ]

      at Object.query (config/mockDb.ts:27:17)

  console.log
    Mock Query: DELETE FROM subservice_asset_links WHERE asset_id = ? [ 1 ]

      at Object.query (config/mockDb.ts:27:17)

  console.log
    Mock Query: DELETE FROM assets WHERE id = ? [ 1 ]

      at Object.query (config/mockDb.ts:27:17)

  console.log
    Mock Query: DELETE FROM sub_services WHERE id = ? [ 6 ]

      at Object.query (config/mockDb.ts:27:17)

  console.log
    Mock Query: DELETE FROM services WHERE id = ? [ 2 ]

      at Object.query (config/mockDb.ts:27:17)

  console.log
    Mock Query: DELETE FROM users WHERE id = ? [ 1 ]

      at Object.query (config/mockDb.ts:27:17)

  console.log
    Mock Query: INSERT INTO users (name, email, role) VALUES (?, ?, ?) RETURNING id [ 'Test User', 'test@example.com', 'admin' ]

      at Object.query (config/mockDb.ts:27:17)

  console.log
    Mock Query: INSERT INTO services (service_name, service_code, status, created_by) VALUES (?, ?, ?, ?) RETURNING id [ 'Test Service', 'TS-001', 'Draft', 1 ]

      at Object.query (config/mockDb.ts:27:17)

  console.log
    Mock Query: INSERT INTO sub_services (sub_service_name, parent_service_id, status, created_by) VALUES (?, ?, ?, ?) RETURNING id [ 'Test Sub-Service', 2, 'Draft', 1 ]

      at Object.query (config/mockDb.ts:27:17)

  console.log
    Mock Query: INSERT INTO assets(
            asset_name, asset_type, asset_category, asset_format, content_type, tags, status,
            file_url, og_image_url, thumbnail_url, file_size, file_type,
            linked_service_ids, linked_sub_service_ids, linked_task_id, linked_campaign_id,
            linked_project_id, linked_service_id, linked_sub_service_id, linked_repository_item_id,
            designed_by, published_by, verified_by, version_number, created_at, created_by,
            application_type, keywords, content_keywords, seo_keywords,
            web_title, web_description, web_meta_description, web_keywords, web_url, web_h1, web_h2_1, web_h2_2, web_h3_tags,
            web_thumbnail, web_body_content, smm_platform, smm_title, smm_tag, smm_url, smm_description,
            smm_hashtags, smm_media_url, smm_media_type, seo_score, grammar_score, ai_plagiarism_score,
            submitted_by, submitted_at, workflow_stage, qc_status, resource_files,
            workflow_log, version_history, linking_active
        ) VALUES(?, ?, ?, ?, ?, ?, ?, ?, ?, ?, ?, ?, ?, ?, ?, ?, ?, ?, ?, ?, ?, ?, ?, ?, ?, ?, ?, ?, ?, ?, ?, ?, ?, ?, ?, ?, ?, ?, ?, ?, ?, ?, ?, ?, ?, ?, ?, ?, ?, ?, ?, ?, ?, ?, ?, ?, ?, ?, ?, ?)  [
      'Service Asset',
      'Image',
      undefined,
      undefined,
      null,
      undefined,
      'Draft',
      null,
      null,
      null,
      null,
      null,
      null,
      null,
      null,
      null,
      null,
      2,
      null,
      null,
      null,
      null,
      null,
      'v1.0',
      '2026-02-05T18:36:17.016Z',
      1,
      'web',
      null,
      null,
      null,
      null,
      null,
      null,
      null,
      null,
      null,
      null,
      null,
      null,
      null,
      null,
      null,
      null,
      null,
      null,
      null,
      null,
      null,
      null,
      null,
      null,
      null,
      null,
      null,
      'Add',
      null,
      null,
      '[{"action":"created","timestamp":"2026-02-05T18:36:17.016Z","user_id":1,"status":"Draft","workflow_stage":"Add"}]',
      '[{"version":"v1.0","date":"2026-02-05T18:36:17.016Z","action":"Created","user_id":1}]',
      0
    ]

      at Object.query (config/mockDb.ts:27:17)

  console.log
    Mock Query: INSERT OR IGNORE INTO service_asset_links 
                             (asset_id, service_id, is_static, created_by) 
                             VALUES (?, ?, 1, ?) [ 1, 2, 1 ]

      at Object.query (config/mockDb.ts:27:17)

  console.log
    Mock Query: UPDATE assets SET static_service_links = ? WHERE id = ? [ '[{"service_id":2,"type":"service"}]', 1 ]

      at Object.query (config/mockDb.ts:27:17)

[0mPOST /api/v1/assetLibrary [32m201[0m 3.741 ms - 1711[0m
  console.log
    Mock Query: INSERT INTO assets(
            asset_name, asset_type, asset_category, asset_format, content_type, tags, status,
            file_url, og_image_url, thumbnail_url, file_size, file_type,
            linked_service_ids, linked_sub_service_ids, linked_task_id, linked_campaign_id,
            linked_project_id, linked_service_id, linked_sub_service_id, linked_repository_item_id,
            designed_by, published_by, verified_by, version_number, created_at, created_by,
            application_type, keywords, content_keywords, seo_keywords,
            web_title, web_description, web_meta_description, web_keywords, web_url, web_h1, web_h2_1, web_h2_2, web_h3_tags,
            web_thumbnail, web_body_content, smm_platform, smm_title, smm_tag, smm_url, smm_description,
            smm_hashtags, smm_media_url, smm_media_type, seo_score, grammar_score, ai_plagiarism_score,
            submitted_by, submitted_at, workflow_stage, qc_status, resource_files,
            workflow_log, version_history, linking_active
        ) VALUES(?, ?, ?, ?, ?, ?, ?, ?, ?, ?, ?, ?, ?, ?, ?, ?, ?, ?, ?, ?, ?, ?, ?, ?, ?, ?, ?, ?, ?, ?, ?, ?, ?, ?, ?, ?, ?, ?, ?, ?, ?, ?, ?, ?, ?, ?, ?, ?, ?, ?, ?, ?, ?, ?, ?, ?, ?, ?, ?, ?)  [
      'Sub-Service Asset',
      'Video',
      undefined,
      undefined,
      null,
      undefined,
      'Draft',
      null,
      null,
      null,
      null,
      null,
      null,
      '{"0":7}',
      null,
      null,
      null,
      null,
      null,
      null,
      null,
      null,
      null,
      'v1.0',
      '2026-02-05T18:36:17.025Z',
      1,
      'web',
      null,
      null,
      null,
      null,
      null,
      null,
      null,
      null,
      null,
      null,
      null,
      null,
      null,
      null,
      null,
      null,
      null,
      null,
      null,
      null,
      null,
      null,
      null,
      null,
      null,
      null,
      null,
      'Add',
      null,
      null,
      '[{"action":"created","timestamp":"2026-02-05T18:36:17.025Z","user_id":1,"status":"Draft","workflow_stage":"Add"}]',
      '[{"version":"v1.0","date":"2026-02-05T18:36:17.025Z","action":"Created","user_id":1}]',
      0
    ]

      at Object.query (config/mockDb.ts:27:17)

[0mPOST /api/v1/assetLibrary [32m201[0m 3.900 ms - 1694[0m
  console.log
    Mock Query: 
                SELECT 
                    a.*,
                    sal.is_static as link_is_static,
                    sal.created_at as linked_at
                FROM assets a
                INNER JOIN subservice_asset_links sal ON a.id = sal.asset_id
                WHERE sal.sub_service_id = ?
                ORDER BY sal.created_at DESC
             [ '7' ]

      at Object.query (config/mockDb.ts:27:17)

[0mGET /api/v1/sub-services/7/assets [32m200[0m 2.127 ms - 2[0m
  console.log
    Mock Query: DELETE FROM service_asset_links WHERE asset_id = ? [ 1 ]

      at Object.query (config/mockDb.ts:27:17)

  console.log
    Mock Query: DELETE FROM subservice_asset_links WHERE asset_id = ? [ 1 ]

      at Object.query (config/mockDb.ts:27:17)

  console.log
    Mock Query: DELETE FROM assets WHERE id = ? [ 1 ]

      at Object.query (config/mockDb.ts:27:17)

  console.log
    Mock Query: DELETE FROM sub_services WHERE id = ? [ 7 ]

      at Object.query (config/mockDb.ts:27:17)

  console.log
    Mock Query: DELETE FROM services WHERE id = ? [ 2 ]

      at Object.query (config/mockDb.ts:27:17)

  console.log
    Mock Query: DELETE FROM users WHERE id = ? [ 1 ]

      at Object.query (config/mockDb.ts:27:17)

  console.log
    Mock Query: INSERT INTO users (name, email, role) VALUES (?, ?, ?) RETURNING id [ 'Test User', 'test@example.com', 'admin' ]

      at Object.query (config/mockDb.ts:27:17)

  console.log
    Mock Query: INSERT INTO services (service_name, service_code, status, created_by) VALUES (?, ?, ?, ?) RETURNING id [ 'Test Service', 'TS-001', 'Draft', 1 ]

      at Object.query (config/mockDb.ts:27:17)

  console.log
    Mock Query: INSERT INTO sub_services (sub_service_name, parent_service_id, status, created_by) VALUES (?, ?, ?, ?) RETURNING id [ 'Test Sub-Service', 2, 'Draft', 1 ]

      at Object.query (config/mockDb.ts:27:17)

  console.log
    Mock Query: SELECT * FROM assets WHERE id = ? [ 99999 ]

      at Object.query (config/mockDb.ts:27:17)

[0mPOST /api/v1/assets/unlink-from-service [33m404[0m 2.374 ms - 27[0m
  console.log
    Mock Query: DELETE FROM service_asset_links WHERE asset_id = ? [ 1 ]

      at Object.query (config/mockDb.ts:27:17)

  console.log
    Mock Query: DELETE FROM subservice_asset_links WHERE asset_id = ? [ 1 ]

      at Object.query (config/mockDb.ts:27:17)

  console.log
    Mock Query: DELETE FROM assets WHERE id = ? [ 1 ]

      at Object.query (config/mockDb.ts:27:17)

  console.log
    Mock Query: DELETE FROM sub_services WHERE id = ? [ 8 ]

      at Object.query (config/mockDb.ts:27:17)

  console.log
    Mock Query: DELETE FROM services WHERE id = ? [ 2 ]

      at Object.query (config/mockDb.ts:27:17)

  console.log
    Mock Query: DELETE FROM users WHERE id = ? [ 1 ]

      at Object.query (config/mockDb.ts:27:17)

  console.log
    Mock Query: INSERT INTO users (name, email, role) VALUES (?, ?, ?) RETURNING id [ 'Test User', 'test@example.com', 'admin' ]

      at Object.query (config/mockDb.ts:27:17)

  console.log
    Mock Query: INSERT INTO services (service_name, service_code, status, created_by) VALUES (?, ?, ?, ?) RETURNING id [ 'Test Service', 'TS-001', 'Draft', 1 ]

      at Object.query (config/mockDb.ts:27:17)

  console.log
    Mock Query: INSERT INTO sub_services (sub_service_name, parent_service_id, status, created_by) VALUES (?, ?, ?, ?) RETURNING id [ 'Test Sub-Service', 2, 'Draft', 1 ]

      at Object.query (config/mockDb.ts:27:17)

  console.log
    Mock Query: 
                SELECT 
                    a.*,
                    sal.is_static as link_is_static,
                    sal.created_at as linked_at
                FROM assets a
                INNER JOIN service_asset_links sal ON a.id = sal.asset_id
                WHERE sal.service_id = ?
                ORDER BY sal.created_at DESC
             [ '99999' ]

      at Object.query (config/mockDb.ts:27:17)

[0mGET /api/v1/services/99999/assets [32m200[0m 2.793 ms - 2[0m
  console.log
    Mock Query: DELETE FROM service_asset_links WHERE asset_id = ? [ 1 ]

      at Object.query (config/mockDb.ts:27:17)

  console.log
    Mock Query: DELETE FROM subservice_asset_links WHERE asset_id = ? [ 1 ]

      at Object.query (config/mockDb.ts:27:17)

  console.log
    Mock Query: DELETE FROM assets WHERE id = ? [ 1 ]

      at Object.query (config/mockDb.ts:27:17)

  console.log
    Mock Query: DELETE FROM sub_services WHERE id = ? [ 9 ]

      at Object.query (config/mockDb.ts:27:17)

  console.log
    Mock Query: DELETE FROM services WHERE id = ? [ 2 ]

      at Object.query (config/mockDb.ts:27:17)

  console.log
    Mock Query: DELETE FROM users WHERE id = ? [ 1 ]

      at Object.query (config/mockDb.ts:27:17)

node.exe : FAIL __tests__/static-service-linking.test.ts
At C:\Users\badri\AppData\Roaming\npm\npm.ps1:24 char:5
+     & "node$exe"  "$basedir/node_modules/npm/bin/npm-cli.js" $args
+     ~~~~~~~~~~~~~~~~~~~~~~~~~~~~~~~~~~~~~~~~~~~~~~~~~~~~~~~~~~~~~~
    + CategoryInfo          : NotSpecified: (FAIL __tests__/...linking.test.ts:String) [], RemoteException
    + FullyQualifiedErrorId : NativeCommandError
 
  Static Service Linking
    Asset Creation with Static Links
      ├ù should create static service links when asset is uploaded with service selection (65 ms)
      ΓêÜ should not create static links when no service is selected during upload (16 ms)
    Static Link Prevention
      ├ù should prevent unlinking static service links (17 ms)
      ├ù should allow unlinking non-static service links (21 ms)
    Service Assets Retrieval
      ├ù should retrieve assets linked to a service with static link information (27 ms)
      ├ù should retrieve assets linked to a sub-service with static link information (25 ms)
    Error Handling
      ΓêÜ should handle invalid asset ID gracefully (12 ms)
      ΓêÜ should handle invalid service ID gracefully (12 ms)

  ΓùÅ Static Service Linking ΓÇ║ Asset Creation with Static Links ΓÇ║ should create static service links when asset is uploaded with service selection

    expect(received).toHaveLength(expected)

    Expected length: 2
    Received length: 1
    Received array:  [{"service_id": 2, "type": "service"}]

    [0m [90m 83 |[39m             [90m// Verify static links were created[39m
     [90m 84 |[39m             [36mconst[39m staticLinks [33m=[39m response[33m.[39mbody[33m.[39mstatic_service_links[33m;[39m
    [31m[1m>[22m[39m[90m 85 |[39m             expect(staticLinks)[33m.[39mtoHaveLength([35m2[39m)[33m;[39m
     [90m    |[39m                                 [31m[1m^[22m[39m
     [90m 86 |[39m             expect(staticLinks[33m.[39msome((link[33m:[39m any) [33m=>[39m link[33m.[39mservice_id [33m===[39m testServiceId [33m&&[39m link[33m.[39mtype 
[33m===[39m [32m'service'[39m))[33m.[39mtoBe([36mtrue[39m)[33m;[39m
     [90m 87 |[39m             expect(staticLinks[33m.[39msome((link[33m:[39m any) [33m=>[39m link[33m.[39msub_service_id [33m===[39m testSubServiceId [33m&&[39m 
link[33m.[39mtype [33m===[39m [32m'subservice'[39m))[33m.[39mtoBe([36mtrue[39m)[33m;[39m
     [90m 88 |[39m[0m

      at Object.<anonymous> (__tests__/static-service-linking.test.ts:85:33)

  ΓùÅ Static Service Linking ΓÇ║ Static Link Prevention ΓÇ║ should prevent unlinking static service links

    expected 403 "Forbidden", got 404 "Not Found"

    [0m [90m 157 |[39m                     serviceId[33m:[39m testServiceId
     [90m 158 |[39m                 })
    [31m[1m>[22m[39m[90m 159 |[39m                 [33m.[39mexpect([35m403[39m)[33m;[39m
     [90m     |[39m                  [31m[1m^[22m[39m
     [90m 160 |[39m
     [90m 161 |[39m             expect(response[33m.[39mbody[33m.[39merror)[33m.[39mtoBe([32m'Cannot remove static service link created during upload'[39m)[33m;[39m
     [90m 162 |[39m[0m

      at Object.<anonymous> (__tests__/static-service-linking.test.ts:159:18)
      ----
      at Test._assertStatus (node_modules/supertest/lib/test.js:252:14)
      at node_modules/supertest/lib/test.js:308:13
      at Test._assertFunction (node_modules/supertest/lib/test.js:285:13)
      at Test.assert (node_modules/supertest/lib/test.js:164:23)
      at Server.localAssert (node_modules/supertest/lib/test.js:120:14)

  ΓùÅ Static Service Linking ΓÇ║ Static Link Prevention ΓÇ║ should allow unlinking non-static service links

    expected 200 "OK", got 404 "Not Found"

    [0m [90m 183 |[39m                     serviceId[33m:[39m testServiceId [33m+[39m [35m1000[39m
     [90m 184 |[39m                 })
    [31m[1m>[22m[39m[90m 185 |[39m                 [33m.[39mexpect([35m200[39m)[33m;[39m
     [90m     |[39m                  [31m[1m^[22m[39m
     [90m 186 |[39m
     [90m 187 |[39m             expect(response[33m.[39mbody[33m.[39mmessage)[33m.[39mtoBe([32m'Asset unlinked successfully'[39m)[33m;[39m
     [90m 188 |[39m         })[33m;[39m[0m

      at Object.<anonymous> (__tests__/static-service-linking.test.ts:185:18)
      ----
      at Test._assertStatus (node_modules/supertest/lib/test.js:252:14)
      at node_modules/supertest/lib/test.js:308:13
      at Test._assertFunction (node_modules/supertest/lib/test.js:285:13)
      at Test.assert (node_modules/supertest/lib/test.js:164:23)
      at Server.localAssert (node_modules/supertest/lib/test.js:120:14)

  ΓùÅ Static Service Linking ΓÇ║ Service Assets Retrieval ΓÇ║ should retrieve assets linked to a service with static link information

    expect(received).toHaveLength(expected)

    Expected length: 1
    Received length: 0
    Received array:  []

    [0m [90m 214 |[39m                 [33m.[39mexpect([35m200[39m)[33m;[39m
     [90m 215 |[39m
    [31m[1m>[22m[39m[90m 216 |[39m             expect(response[33m.[39mbody)[33m.[39mtoHaveLength([35m1[39m)[33m;[39m
     [90m     |[39m                                   [31m[1m^[22m[39m
     [90m 217 |[39m             expect(response[33m.[39mbody[[35m0[39m][33m.[39mid)[33m.[39mtoBe(testAssetId)[33m;[39m
     [90m 218 |[39m             expect(response[33m.[39mbody[[35m0[39m][33m.[39mlink_is_static)[33m.[39mtoBe([35m1[39m)[33m;[39m
     [90m 219 |[39m             expect(response[33m.[39mbody[[35m0[39m][33m.[39mlinked_at)[33m.[39mtoBeDefined()[33m;[39m[0m

      at Object.<anonymous> (__tests__/static-service-linking.test.ts:216:35)

  ΓùÅ Static Service Linking ΓÇ║ Service Assets Retrieval ΓÇ║ should retrieve assets linked to a sub-service with static link information

    expect(received).toBeGreaterThan(expected)

    Expected: > 0
    Received:   0

    [0m [90m 242 |[39m                 [33m.[39mexpect([35m200[39m)[33m;[39m
     [90m 243 |[39m
    [31m[1m>[22m[39m[90m 244 |[39m             expect(response[33m.[39mbody[33m.[39mlength)[33m.[39mtoBeGreaterThan([35m0[39m)[33m;[39m
     [90m     |[39m                                          [31m[1m^[22m[39m
     [90m 245 |[39m             [36mconst[39m subServiceAsset [33m=[39m response[33m.[39mbody[33m.[39mfind((asset[33m:[39m any) [33m=>[39m asset[33m.[39mid [33m===[39m 
newAssetId)[33m;[39m
     [90m 246 |[39m             expect(subServiceAsset)[33m.[39mtoBeDefined()[33m;[39m
     [90m 247 |[39m             expect(subServiceAsset[33m.[39mlink_is_static)[33m.[39mtoBe([35m1[39m)[33m;[39m[0m

      at Object.<anonymous> (__tests__/static-service-linking.test.ts:244:42)

Test Suites: 1 failed, 1 total
Tests:       5 failed, 3 passed, 8 total
Snapshots:   0 total
Time:        4.177 s, estimated 5 s
Ran all test suites matching /static-service-linking.test.ts/i.
